2026-03-01 19:15:06 [@fr-int-web1788.main-hosting.eu]
CSRF check failed for User ID:  at /
2026-03-01 19:15:06 [@fr-int-web1788.main-hosting.eu]
CSRF check failed for User ID:  at /index.php
2026-03-01 20:30:56 [@fr-int-web1788.main-hosting.eu]
CSRF check failed for User ID:  at /
2026-03-02 10:35:27 [2@fr-int-web1788.main-hosting.eu]
CSRF check failed for User ID: 2 at /front/login.php
2026-03-02 16:41:53 [2@fr-int-web1788.main-hosting.eu]
CSRF check failed for User ID: 2 at /ajax/central.php
2026-03-02 16:41:53 [2@fr-int-web1788.main-hosting.eu]
CSRF check failed for User ID: 2 at /ajax/central.php
2026-03-02 16:41:53 [2@fr-int-web1788.main-hosting.eu]
CSRF check failed for User ID: 2 at /ajax/central.php
2026-03-02 16:41:53 [2@fr-int-web1788.main-hosting.eu]
CSRF check failed for User ID: 2 at /ajax/central.php
2026-03-02 16:41:53 [2@fr-int-web1788.main-hosting.eu]
CSRF check failed for User ID: 2 at /ajax/central.php
2026-03-02 16:41:53 [2@fr-int-web1788.main-hosting.eu]
CSRF check failed for User ID: 2 at /ajax/central.php
2026-03-02 16:41:53 [2@fr-int-web1788.main-hosting.eu]
CSRF check failed for User ID: 2 at /ajax/central.php
2026-03-02 16:41:53 [2@fr-int-web1788.main-hosting.eu]
CSRF check failed for User ID: 2 at /ajax/central.php
2026-03-02 16:41:53 [2@fr-int-web1788.main-hosting.eu]
CSRF check failed for User ID: 2 at /ajax/central.php
2026-03-02 16:41:53 [2@fr-int-web1788.main-hosting.eu]
CSRF check failed for User ID: 2 at /ajax/central.php
2026-03-02 16:41:53 [2@fr-int-web1788.main-hosting.eu]
CSRF check failed for User ID: 2 at /ajax/central.php
2026-03-02 16:41:53 [2@fr-int-web1788.main-hosting.eu]
CSRF check failed for User ID: 2 at /ajax/central.php
2026-03-02 16:41:53 [2@fr-int-web1788.main-hosting.eu]
CSRF check failed for User ID: 2 at /ajax/central.php
2026-03-02 16:41:53 [2@fr-int-web1788.main-hosting.eu]
CSRF check failed for User ID: 2 at /ajax/central.php
2026-03-02 16:41:53 [2@fr-int-web1788.main-hosting.eu]
CSRF check failed for User ID: 2 at /ajax/central.php
2026-03-02 16:41:53 [2@fr-int-web1788.main-hosting.eu]
CSRF check failed for User ID: 2 at /ajax/central.php
2026-03-02 16:41:53 [2@fr-int-web1788.main-hosting.eu]
CSRF check failed for User ID: 2 at /ajax/central.php
2026-03-02 16:47:47 [2@fr-int-web1788.main-hosting.eu]
CSRF check failed for User ID: 2 at /ajax/central.php
2026-03-02 16:47:47 [2@fr-int-web1788.main-hosting.eu]
CSRF check failed for User ID: 2 at /ajax/central.php
2026-03-02 16:47:47 [2@fr-int-web1788.main-hosting.eu]
CSRF check failed for User ID: 2 at /ajax/central.php
2026-03-02 16:47:47 [2@fr-int-web1788.main-hosting.eu]
CSRF check failed for User ID: 2 at /ajax/central.php
2026-03-02 16:47:47 [2@fr-int-web1788.main-hosting.eu]
CSRF check failed for User ID: 2 at /ajax/central.php
2026-03-02 16:47:47 [2@fr-int-web1788.main-hosting.eu]
CSRF check failed for User ID: 2 at /ajax/central.php
2026-03-02 16:47:47 [2@fr-int-web1788.main-hosting.eu]
CSRF check failed for User ID: 2 at /ajax/central.php
2026-03-02 16:47:47 [2@fr-int-web1788.main-hosting.eu]
CSRF check failed for User ID: 2 at /ajax/central.php
2026-03-02 16:47:47 [2@fr-int-web1788.main-hosting.eu]
CSRF check failed for User ID: 2 at /ajax/central.php
2026-03-02 16:47:47 [2@fr-int-web1788.main-hosting.eu]
CSRF check failed for User ID: 2 at /ajax/central.php
2026-03-02 16:47:47 [2@fr-int-web1788.main-hosting.eu]
CSRF check failed for User ID: 2 at /ajax/central.php
2026-03-02 16:47:47 [2@fr-int-web1788.main-hosting.eu]
CSRF check failed for User ID: 2 at /ajax/central.php
2026-03-02 16:47:47 [2@fr-int-web1788.main-hosting.eu]
CSRF check failed for User ID: 2 at /ajax/central.php
2026-03-02 16:47:47 [2@fr-int-web1788.main-hosting.eu]
CSRF check failed for User ID: 2 at /ajax/central.php
2026-03-02 16:47:47 [2@fr-int-web1788.main-hosting.eu]
CSRF check failed for User ID: 2 at /ajax/central.php
2026-03-02 16:47:47 [2@fr-int-web1788.main-hosting.eu]
CSRF check failed for User ID: 2 at /ajax/central.php
2026-03-02 16:47:47 [2@fr-int-web1788.main-hosting.eu]
CSRF check failed for User ID: 2 at /ajax/central.php
2026-03-02 16:47:48 [2@fr-int-web1788.main-hosting.eu]
CSRF check failed for User ID: 2 at /ajax/central.php
2026-03-02 16:47:48 [2@fr-int-web1788.main-hosting.eu]
CSRF check failed for User ID: 2 at /ajax/central.php
2026-03-02 16:47:48 [2@fr-int-web1788.main-hosting.eu]
CSRF check failed for User ID: 2 at /ajax/central.php
2026-03-02 16:47:48 [2@fr-int-web1788.main-hosting.eu]
CSRF check failed for User ID: 2 at /ajax/central.php
2026-03-02 16:47:48 [2@fr-int-web1788.main-hosting.eu]
CSRF check failed for User ID: 2 at /ajax/central.php
2026-03-02 16:47:48 [2@fr-int-web1788.main-hosting.eu]
CSRF check failed for User ID: 2 at /ajax/central.php
2026-03-02 16:47:48 [2@fr-int-web1788.main-hosting.eu]
CSRF check failed for User ID: 2 at /ajax/central.php
2026-03-02 16:47:48 [2@fr-int-web1788.main-hosting.eu]
CSRF check failed for User ID: 2 at /ajax/central.php
2026-03-02 16:47:48 [2@fr-int-web1788.main-hosting.eu]
CSRF check failed for User ID: 2 at /ajax/central.php
2026-03-02 16:47:48 [2@fr-int-web1788.main-hosting.eu]
CSRF check failed for User ID: 2 at /ajax/central.php
2026-03-03 03:59:21 [@fr-int-web1788.main-hosting.eu]
CSRF check failed for User ID:  at /
2026-03-03 09:33:50 [@fr-int-web1788.main-hosting.eu]
CSRF check failed for User ID:  at /
2026-03-03 09:33:50 [@fr-int-web1788.main-hosting.eu]
CSRF check failed for User ID:  at /index.php
2026-03-03 09:39:23 [@fr-int-web1788.main-hosting.eu]
CSRF check failed for User ID:  at /
2026-03-03 09:39:24 [@fr-int-web1788.main-hosting.eu]
CSRF check failed for User ID:  at /index.php
2026-03-03 13:56:56 [@fr-int-web1788.main-hosting.eu]
CSRF check failed for User ID:  at /
2026-03-03 13:56:56 [@fr-int-web1788.main-hosting.eu]
CSRF check failed for User ID:  at /
2026-03-03 13:56:56 [@fr-int-web1788.main-hosting.eu]
CSRF check failed for User ID:  at /
2026-03-03 14:01:37 [@fr-int-web1788.main-hosting.eu]
CSRF check failed for User ID:  at /
2026-03-03 14:01:38 [@fr-int-web1788.main-hosting.eu]
CSRF check failed for User ID:  at /
2026-03-03 14:01:38 [@fr-int-web1788.main-hosting.eu]
CSRF check failed for User ID:  at /
2026-03-04 07:37:31 [@fr-int-web1788.main-hosting.eu]
CSRF check failed for User ID:  at /
2026-03-04 07:37:31 [@fr-int-web1788.main-hosting.eu]
CSRF check failed for User ID:  at /index.php
2026-03-04 15:48:38 [@fr-int-web1788.main-hosting.eu]
CSRF check failed for User ID:  at /
2026-03-04 15:48:38 [@fr-int-web1788.main-hosting.eu]
CSRF check failed for User ID:  at /
2026-03-04 15:48:38 [@fr-int-web1788.main-hosting.eu]
CSRF check failed for User ID:  at /
2026-03-04 16:04:08 [@fr-int-web1788.main-hosting.eu]
CSRF check failed for User ID:  at /
2026-03-04 16:04:08 [@fr-int-web1788.main-hosting.eu]
CSRF check failed for User ID:  at /
2026-03-04 16:04:08 [@fr-int-web1788.main-hosting.eu]
CSRF check failed for User ID:  at /
2026-03-05 00:48:21 [@fr-int-web1788.main-hosting.eu]
CSRF check failed for User ID:  at /
2026-03-05 00:48:22 [@fr-int-web1788.main-hosting.eu]
CSRF check failed for User ID:  at /index.php
2026-03-05 10:18:05 [@fr-int-web1788.main-hosting.eu]
CSRF check failed for User ID:  at /
2026-03-05 10:18:05 [@fr-int-web1788.main-hosting.eu]
CSRF check failed for User ID:  at /index.php
2026-03-05 16:37:06 [@fr-int-web1788.main-hosting.eu]
CSRF check failed for User ID:  at /
2026-03-05 16:37:06 [@fr-int-web1788.main-hosting.eu]
CSRF check failed for User ID:  at /index.php
2026-03-06 06:07:37 [@fr-int-web1788.main-hosting.eu]
CSRF check failed for User ID:  at /
2026-03-06 06:07:37 [@fr-int-web1788.main-hosting.eu]
CSRF check failed for User ID:  at /index.php
2026-03-06 06:27:36 [@fr-int-web1788.main-hosting.eu]
CSRF check failed for User ID:  at /
2026-03-06 06:27:36 [@fr-int-web1788.main-hosting.eu]
CSRF check failed for User ID:  at /index.php
2026-03-06 06:55:28 [@fr-int-web1788.main-hosting.eu]
CSRF check failed for User ID:  at /
2026-03-06 21:45:34 [@fr-int-web1788.main-hosting.eu]
CSRF check failed for User ID:  at /
2026-03-06 21:45:34 [@fr-int-web1788.main-hosting.eu]
CSRF check failed for User ID:  at /index.php
2026-03-07 03:06:28 [@fr-int-web1788.main-hosting.eu]
CSRF check failed for User ID:  at /
2026-03-07 03:06:28 [@fr-int-web1788.main-hosting.eu]
CSRF check failed for User ID:  at /index.php
2026-03-07 12:47:13 [@fr-int-web1788.main-hosting.eu]
CSRF check failed for User ID:  at /
2026-03-07 12:47:13 [@fr-int-web1788.main-hosting.eu]
CSRF check failed for User ID:  at /index.php
2026-03-07 15:32:02 [@fr-int-web1788.main-hosting.eu]
CSRF check failed for User ID:  at /
2026-03-07 15:32:02 [@fr-int-web1788.main-hosting.eu]
CSRF check failed for User ID:  at /index.php
2026-03-08 13:46:26 [@fr-int-web1788.main-hosting.eu]
CSRF check failed for User ID:  at /
2026-03-09 06:40:04 [@fr-int-web1788.main-hosting.eu]
CSRF check failed for User ID:  at /
2026-03-09 06:40:04 [@fr-int-web1788.main-hosting.eu]
CSRF check failed for User ID:  at /index.php
2026-03-09 09:27:19 [2@fr-int-web1788.main-hosting.eu]
CSRF check failed for User ID: 2 at /ajax/central.php
2026-03-09 09:27:19 [2@fr-int-web1788.main-hosting.eu]
CSRF check failed for User ID: 2 at /ajax/central.php
2026-03-09 09:27:19 [2@fr-int-web1788.main-hosting.eu]
CSRF check failed for User ID: 2 at /ajax/central.php
2026-03-09 09:27:19 [2@fr-int-web1788.main-hosting.eu]
CSRF check failed for User ID: 2 at /ajax/central.php
2026-03-09 09:27:19 [2@fr-int-web1788.main-hosting.eu]
CSRF check failed for User ID: 2 at /ajax/central.php
2026-03-09 09:27:19 [2@fr-int-web1788.main-hosting.eu]
CSRF check failed for User ID: 2 at /ajax/central.php
2026-03-09 09:27:19 [2@fr-int-web1788.main-hosting.eu]
CSRF check failed for User ID: 2 at /ajax/central.php
2026-03-09 09:27:19 [2@fr-int-web1788.main-hosting.eu]
CSRF check failed for User ID: 2 at /ajax/central.php
2026-03-09 09:27:19 [2@fr-int-web1788.main-hosting.eu]
CSRF check failed for User ID: 2 at /ajax/central.php
2026-03-09 09:27:19 [2@fr-int-web1788.main-hosting.eu]
CSRF check failed for User ID: 2 at /ajax/central.php
2026-03-09 09:27:19 [2@fr-int-web1788.main-hosting.eu]
CSRF check failed for User ID: 2 at /ajax/central.php
2026-03-09 09:27:19 [2@fr-int-web1788.main-hosting.eu]
CSRF check failed for User ID: 2 at /ajax/central.php
2026-03-09 09:27:19 [2@fr-int-web1788.main-hosting.eu]
CSRF check failed for User ID: 2 at /ajax/central.php
2026-03-09 09:27:19 [2@fr-int-web1788.main-hosting.eu]
CSRF check failed for User ID: 2 at /ajax/central.php
2026-03-09 09:27:19 [2@fr-int-web1788.main-hosting.eu]
CSRF check failed for User ID: 2 at /ajax/central.php
2026-03-09 09:27:19 [2@fr-int-web1788.main-hosting.eu]
CSRF check failed for User ID: 2 at /ajax/central.php
2026-03-09 09:27:19 [2@fr-int-web1788.main-hosting.eu]
CSRF check failed for User ID: 2 at /ajax/central.php
2026-03-09 09:27:24 [2@fr-int-web1788.main-hosting.eu]
CSRF check failed for User ID: 2 at /ajax/central.php
2026-03-09 09:27:24 [2@fr-int-web1788.main-hosting.eu]
CSRF check failed for User ID: 2 at /ajax/central.php
2026-03-09 09:27:24 [2@fr-int-web1788.main-hosting.eu]
CSRF check failed for User ID: 2 at /ajax/central.php
2026-03-09 09:27:24 [2@fr-int-web1788.main-hosting.eu]
CSRF check failed for User ID: 2 at /ajax/central.php
2026-03-09 09:27:24 [2@fr-int-web1788.main-hosting.eu]
CSRF check failed for User ID: 2 at /ajax/central.php
2026-03-09 09:27:24 [2@fr-int-web1788.main-hosting.eu]
CSRF check failed for User ID: 2 at /ajax/central.php
2026-03-09 09:27:24 [2@fr-int-web1788.main-hosting.eu]
CSRF check failed for User ID: 2 at /ajax/central.php
2026-03-09 09:27:24 [2@fr-int-web1788.main-hosting.eu]
CSRF check failed for User ID: 2 at /ajax/central.php
2026-03-09 09:27:24 [2@fr-int-web1788.main-hosting.eu]
CSRF check failed for User ID: 2 at /ajax/central.php
2026-03-09 09:27:24 [2@fr-int-web1788.main-hosting.eu]
CSRF check failed for User ID: 2 at /ajax/central.php
2026-03-09 12:22:02 [@fr-int-web1788.main-hosting.eu]
CSRF check failed for User ID:  at /
2026-03-09 12:22:02 [@fr-int-web1788.main-hosting.eu]
CSRF check failed for User ID:  at /index.php
2026-03-09 21:04:43 [@fr-int-web1788.main-hosting.eu]
CSRF check failed for User ID:  at /
2026-03-09 21:04:43 [@fr-int-web1788.main-hosting.eu]
CSRF check failed for User ID:  at /index.php
2026-03-10 04:01:59 [@fr-int-web1788.main-hosting.eu]
CSRF check failed for User ID:  at /
2026-03-11 05:40:02 [@fr-int-web1788.main-hosting.eu]
CSRF check failed for User ID:  at /
2026-03-11 05:40:02 [@fr-int-web1788.main-hosting.eu]
CSRF check failed for User ID:  at /index.php
2026-03-11 09:45:44 [@fr-int-web1788.main-hosting.eu]
CSRF check failed for User ID:  at /
2026-03-11 09:45:44 [@fr-int-web1788.main-hosting.eu]
CSRF check failed for User ID:  at /index.php
2026-03-11 15:08:36 [@fr-int-web1788.main-hosting.eu]
CSRF check failed for User ID:  at /
2026-03-11 15:08:37 [@fr-int-web1788.main-hosting.eu]
CSRF check failed for User ID:  at /index.php
2026-03-11 15:27:28 [@fr-int-web1788.main-hosting.eu]
CSRF check failed for User ID:  at /
2026-03-11 15:27:29 [@fr-int-web1788.main-hosting.eu]
CSRF check failed for User ID:  at /index.php
2026-03-11 17:30:33 [@fr-int-web1788.main-hosting.eu]
CSRF check failed for User ID:  at /
2026-03-11 17:30:33 [@fr-int-web1788.main-hosting.eu]
CSRF check failed for User ID:  at /index.php
2026-03-12 05:16:34 [@fr-int-web1788.main-hosting.eu]
CSRF check failed for User ID:  at /
2026-03-12 05:16:34 [@fr-int-web1788.main-hosting.eu]
CSRF check failed for User ID:  at /index.php
2026-03-12 06:24:43 [@fr-int-web1788.main-hosting.eu]
CSRF check failed for User ID:  at /
2026-03-12 06:24:43 [@fr-int-web1788.main-hosting.eu]
CSRF check failed for User ID:  at /index.php
2026-03-12 13:11:56 [@fr-int-web1788.main-hosting.eu]
CSRF check failed for User ID:  at /
2026-03-12 13:11:57 [@fr-int-web1788.main-hosting.eu]
CSRF check failed for User ID:  at /index.php
2026-03-12 20:01:50 [@fr-int-web1788.main-hosting.eu]
CSRF check failed for User ID:  at /
2026-03-12 20:01:50 [@fr-int-web1788.main-hosting.eu]
CSRF check failed for User ID:  at /index.php
2026-03-12 21:33:49 [@fr-int-web1788.main-hosting.eu]
CSRF check failed for User ID:  at /
2026-03-13 02:09:29 [@fr-int-web1788.main-hosting.eu]
CSRF check failed for User ID:  at /
2026-03-13 02:09:30 [@fr-int-web1788.main-hosting.eu]
CSRF check failed for User ID:  at /index.php
2026-03-13 04:28:15 [@fr-int-web1788.main-hosting.eu]
CSRF check failed for User ID:  at /
2026-03-13 04:28:15 [@fr-int-web1788.main-hosting.eu]
CSRF check failed for User ID:  at /index.php
2026-03-13 06:40:11 [@fr-int-web1788.main-hosting.eu]
CSRF check failed for User ID:  at /
2026-03-13 06:40:11 [@fr-int-web1788.main-hosting.eu]
CSRF check failed for User ID:  at /index.php
2026-03-13 09:11:28 [@fr-int-web1788.main-hosting.eu]
CSRF check failed for User ID:  at /
2026-03-13 09:11:28 [@fr-int-web1788.main-hosting.eu]
CSRF check failed for User ID:  at /index.php
2026-03-13 17:00:11 [@fr-int-web1788.main-hosting.eu]
CSRF check failed for User ID:  at /
2026-03-13 17:00:11 [@fr-int-web1788.main-hosting.eu]
CSRF check failed for User ID:  at /index.php
2026-03-14 04:46:32 [@fr-int-web1788.main-hosting.eu]
CSRF check failed for User ID:  at /
2026-03-14 04:46:33 [@fr-int-web1788.main-hosting.eu]
CSRF check failed for User ID:  at /index.php
2026-03-15 04:53:26 [@fr-int-web1788.main-hosting.eu]
CSRF check failed for User ID:  at /
2026-03-15 04:53:26 [@fr-int-web1788.main-hosting.eu]
CSRF check failed for User ID:  at /index.php
2026-03-15 07:29:21 [@fr-int-web1788.main-hosting.eu]
CSRF check failed for User ID:  at /
2026-03-15 13:30:00 [@fr-int-web1788.main-hosting.eu]
CSRF check failed for User ID:  at /
2026-03-15 23:38:12 [@fr-int-web1788.main-hosting.eu]
CSRF check failed for User ID:  at /
2026-03-15 23:38:12 [@fr-int-web1788.main-hosting.eu]
CSRF check failed for User ID:  at /index.php
2026-03-16 14:44:03 [@fr-int-web1788.main-hosting.eu]
CSRF check failed for User ID:  at /
2026-03-16 14:44:03 [@fr-int-web1788.main-hosting.eu]
CSRF check failed for User ID:  at /index.php
2026-03-16 18:34:06 [@fr-int-web1788.main-hosting.eu]
CSRF check failed for User ID:  at /
2026-03-16 18:34:07 [@fr-int-web1788.main-hosting.eu]
CSRF check failed for User ID:  at /index.php
2026-03-16 23:22:21 [@fr-int-web1788.main-hosting.eu]
CSRF check failed for User ID:  at /
2026-03-16 23:22:21 [@fr-int-web1788.main-hosting.eu]
CSRF check failed for User ID:  at /index.php
2026-03-17 02:21:52 [@fr-int-web1788.main-hosting.eu]
CSRF check failed for User ID:  at /
2026-03-17 02:21:52 [@fr-int-web1788.main-hosting.eu]
CSRF check failed for User ID:  at /index.php
2026-03-17 03:54:29 [@fr-int-web1788.main-hosting.eu]
CSRF check failed for User ID:  at /
2026-03-17 03:54:29 [@fr-int-web1788.main-hosting.eu]
CSRF check failed for User ID:  at /index.php
2026-03-17 06:57:57 [@fr-int-web1788.main-hosting.eu]
CSRF check failed for User ID:  at /
2026-03-17 06:57:57 [@fr-int-web1788.main-hosting.eu]
CSRF check failed for User ID:  at /index.php
2026-03-17 10:51:05 [@fr-int-web1788.main-hosting.eu]
CSRF check failed for User ID:  at /
2026-03-17 10:51:05 [@fr-int-web1788.main-hosting.eu]
CSRF check failed for User ID:  at /index.php
2026-03-17 11:26:51 [@fr-int-web1788.main-hosting.eu]
CSRF check failed for User ID:  at /
2026-03-17 11:26:51 [@fr-int-web1788.main-hosting.eu]
CSRF check failed for User ID:  at /index.php
2026-03-17 13:00:32 [@fr-int-web1788.main-hosting.eu]
CSRF check failed for User ID:  at /
2026-03-17 13:00:32 [@fr-int-web1788.main-hosting.eu]
CSRF check failed for User ID:  at /index.php
2026-03-17 13:25:38 [@fr-int-web1788.main-hosting.eu]
CSRF check failed for User ID:  at /
2026-03-17 13:25:38 [@fr-int-web1788.main-hosting.eu]
CSRF check failed for User ID:  at /index.php
2026-03-17 13:41:27 [@fr-int-web1788.main-hosting.eu]
CSRF check failed for User ID:  at /
2026-03-17 13:41:27 [@fr-int-web1788.main-hosting.eu]
CSRF check failed for User ID:  at /index.php
2026-03-17 19:09:52 [@fr-int-web1788.main-hosting.eu]
CSRF check failed for User ID:  at /
2026-03-17 19:09:52 [@fr-int-web1788.main-hosting.eu]
CSRF check failed for User ID:  at /
2026-03-17 19:09:52 [@fr-int-web1788.main-hosting.eu]
CSRF check failed for User ID:  at /index.php
2026-03-17 19:09:52 [@fr-int-web1788.main-hosting.eu]
CSRF check failed for User ID:  at /index.php
2026-03-18 04:58:27 [@fr-int-web1788.main-hosting.eu]
CSRF check failed for User ID:  at /
2026-03-18 04:58:27 [@fr-int-web1788.main-hosting.eu]
CSRF check failed for User ID:  at /index.php
2026-03-18 13:03:06 [@fr-int-web1788.main-hosting.eu]
CSRF check failed for User ID:  at /
2026-03-18 13:03:06 [@fr-int-web1788.main-hosting.eu]
CSRF check failed for User ID:  at /index.php
2026-03-18 18:51:08 [@fr-int-web1788.main-hosting.eu]
CSRF check failed for User ID:  at /
2026-03-18 18:51:08 [@fr-int-web1788.main-hosting.eu]
CSRF check failed for User ID:  at /index.php
2026-03-18 19:20:14 [@fr-int-web1788.main-hosting.eu]
CSRF check failed for User ID:  at /
2026-03-18 19:20:14 [@fr-int-web1788.main-hosting.eu]
CSRF check failed for User ID:  at /index.php
2026-03-18 20:28:31 [@fr-int-web1788.main-hosting.eu]
CSRF check failed for User ID:  at /
2026-03-18 20:28:31 [@fr-int-web1788.main-hosting.eu]
CSRF check failed for User ID:  at /index.php
2026-03-18 22:32:21 [@fr-int-web1788.main-hosting.eu]
CSRF check failed for User ID:  at /
2026-03-18 22:32:21 [@fr-int-web1788.main-hosting.eu]
CSRF check failed for User ID:  at /index.php
2026-03-18 23:01:55 [@fr-int-web1788.main-hosting.eu]
CSRF check failed for User ID:  at /
2026-03-18 23:01:55 [@fr-int-web1788.main-hosting.eu]
CSRF check failed for User ID:  at /index.php
2026-03-19 13:27:25 [@fr-int-web1788.main-hosting.eu]
CSRF check failed for User ID:  at /
2026-03-19 13:27:25 [@fr-int-web1788.main-hosting.eu]
CSRF check failed for User ID:  at /index.php
2026-03-19 15:04:21 [@fr-int-web1788.main-hosting.eu]
CSRF check failed for User ID:  at /
2026-03-19 15:04:21 [@fr-int-web1788.main-hosting.eu]
CSRF check failed for User ID:  at /index.php
2026-03-19 16:06:43 [@fr-int-web1788.main-hosting.eu]
CSRF check failed for User ID:  at /
2026-03-19 16:06:43 [@fr-int-web1788.main-hosting.eu]
CSRF check failed for User ID:  at /index.php
2026-03-20 00:08:49 [@fr-int-web1788.main-hosting.eu]
CSRF check failed for User ID:  at /
2026-03-20 00:08:49 [@fr-int-web1788.main-hosting.eu]
CSRF check failed for User ID:  at /index.php
2026-03-21 21:31:15 [@fr-int-web1788.main-hosting.eu]
CSRF check failed for User ID:  at /
2026-03-21 21:31:15 [@fr-int-web1788.main-hosting.eu]
CSRF check failed for User ID:  at /index.php
2026-03-22 05:09:49 [@fr-int-web1788.main-hosting.eu]
CSRF check failed for User ID:  at /
2026-03-22 05:09:49 [@fr-int-web1788.main-hosting.eu]
CSRF check failed for User ID:  at /
2026-03-22 05:09:50 [@fr-int-web1788.main-hosting.eu]
CSRF check failed for User ID:  at /
2026-03-22 08:45:05 [@fr-int-web1788.main-hosting.eu]
CSRF check failed for User ID:  at /
2026-03-22 08:45:05 [@fr-int-web1788.main-hosting.eu]
CSRF check failed for User ID:  at /index.php
2026-03-23 11:02:45 [@fr-int-web1788.main-hosting.eu]
CSRF check failed for User ID:  at /
2026-03-23 11:02:45 [@fr-int-web1788.main-hosting.eu]
CSRF check failed for User ID:  at /index.php
2026-03-24 02:51:37 [@fr-int-web1788.main-hosting.eu]
CSRF check failed for User ID:  at /
2026-03-24 02:51:37 [@fr-int-web1788.main-hosting.eu]
CSRF check failed for User ID:  at /
2026-03-24 02:51:37 [@fr-int-web1788.main-hosting.eu]
CSRF check failed for User ID:  at /
2026-03-24 03:05:35 [@fr-int-web1788.main-hosting.eu]
CSRF check failed for User ID:  at /
2026-03-24 03:05:35 [@fr-int-web1788.main-hosting.eu]
CSRF check failed for User ID:  at /
2026-03-24 03:05:35 [@fr-int-web1788.main-hosting.eu]
CSRF check failed for User ID:  at /
2026-03-29 20:53:33 [2@fr-int-web1788.main-hosting.eu]
CSRF check failed for User ID: 2 at /front/plugin.form.php
2026-03-30 10:40:24 [3@fr-int-web1788.main-hosting.eu]
User ID: 3 tried to access or perform an action on /front/central.php with insufficient rights. Additional information: The current profile does not use the standard interface
	Stack Trace:
		/home/u981745852/domains/suporteincv.com/public_html/src/Session.php:1052 displayRightError()
		/home/u981745852/domains/suporteincv.com/public_html/front/central.php:87 checkCentralAccess()
2026-03-30 10:40:55 [3@fr-int-web1788.main-hosting.eu]
User ID: 3 tried to access or perform an action on /front/central.php with insufficient rights. Additional information: The current profile does not use the standard interface
	Stack Trace:
		/home/u981745852/domains/suporteincv.com/public_html/src/Session.php:1052 displayRightError()
		/home/u981745852/domains/suporteincv.com/public_html/front/central.php:87 checkCentralAccess()
2026-03-30 10:41:25 [3@fr-int-web1788.main-hosting.eu]
User ID: 3 tried to access or perform an action on /front/central.php with insufficient rights. Additional information: The current profile does not use the standard interface
	Stack Trace:
		/home/u981745852/domains/suporteincv.com/public_html/src/Session.php:1052 displayRightError()
		/home/u981745852/domains/suporteincv.com/public_html/front/central.php:87 checkCentralAccess()
2026-03-30 10:41:30 [3@fr-int-web1788.main-hosting.eu]
User ID: 3 tried to access or perform an action on /front/central.php with insufficient rights. Additional information: The current profile does not use the standard interface
	Stack Trace:
		/home/u981745852/domains/suporteincv.com/public_html/src/Session.php:1052 displayRightError()
		/home/u981745852/domains/suporteincv.com/public_html/front/central.php:87 checkCentralAccess()
2026-03-30 16:55:25 [3@fr-int-web1788.main-hosting.eu]
User ID: 3 tried to access or perform an action on /front/central.php with insufficient rights. Additional information: The current profile does not use the standard interface
	Stack Trace:
		/home/u981745852/domains/suporteincv.com/public_html/src/Session.php:1052 displayRightError()
		/home/u981745852/domains/suporteincv.com/public_html/front/central.php:87 checkCentralAccess()
2026-03-31 06:31:01 [3@fr-int-web1788.main-hosting.eu]
User ID: 3 tried to access or perform an action on /front/group.php with insufficient rights. Additional information: User is missing the 1 (READ) right for group
	Stack Trace:
		/home/u981745852/domains/suporteincv.com/public_html/src/Session.php:1177 displayRightError()
		/home/u981745852/domains/suporteincv.com/public_html/front/group.php:38 checkRight()
2026-03-31 06:31:08 [3@fr-int-web1788.main-hosting.eu]
User ID: 3 tried to access or perform an action on /front/group.php with insufficient rights. Additional information: User is missing the 1 (READ) right for group
	Stack Trace:
		/home/u981745852/domains/suporteincv.com/public_html/src/Session.php:1177 displayRightError()
		/home/u981745852/domains/suporteincv.com/public_html/front/group.php:38 checkRight()
2026-03-31 06:31:12 [3@fr-int-web1788.main-hosting.eu]
User ID: 3 tried to access or perform an action on /front/group.php with insufficient rights. Additional information: User is missing the 1 (READ) right for group
	Stack Trace:
		/home/u981745852/domains/suporteincv.com/public_html/src/Session.php:1177 displayRightError()
		/home/u981745852/domains/suporteincv.com/public_html/front/group.php:38 checkRight()
2026-04-24 13:09:38 [@fr-int-web1788.main-hosting.eu]
CSRF check failed for User ID:  at /
2026-04-24 13:09:38 [@fr-int-web1788.main-hosting.eu]
CSRF check failed for User ID:  at /
2026-04-24 13:09:38 [@fr-int-web1788.main-hosting.eu]
CSRF check failed for User ID:  at /
2026-04-24 13:26:49 [@fr-int-web1788.main-hosting.eu]
CSRF check failed for User ID:  at /
2026-04-24 13:26:49 [@fr-int-web1788.main-hosting.eu]
CSRF check failed for User ID:  at /
2026-04-24 13:26:49 [@fr-int-web1788.main-hosting.eu]
CSRF check failed for User ID:  at /
2026-04-26 00:41:29 [@fr-int-web1788.main-hosting.eu]
CSRF check failed for User ID:  at /
2026-04-26 00:41:31 [@fr-int-web1788.main-hosting.eu]
CSRF check failed for User ID:  at /
2026-04-26 00:41:34 [@fr-int-web1788.main-hosting.eu]
CSRF check failed for User ID:  at /en/
2026-04-26 00:41:37 [@fr-int-web1788.main-hosting.eu]
CSRF check failed for User ID:  at /app/
2026-04-26 00:41:39 [@fr-int-web1788.main-hosting.eu]
CSRF check failed for User ID:  at /api/
2026-04-26 00:41:40 [@fr-int-web1788.main-hosting.eu]
CSRF check failed for User ID:  at /_next/
2026-04-26 00:41:42 [@fr-int-web1788.main-hosting.eu]
CSRF check failed for User ID:  at /
2026-04-26 00:41:43 [@fr-int-web1788.main-hosting.eu]
CSRF check failed for User ID:  at /
2026-04-26 00:41:44 [@fr-int-web1788.main-hosting.eu]
CSRF check failed for User ID:  at /en/
2026-04-26 00:41:49 [@fr-int-web1788.main-hosting.eu]
CSRF check failed for User ID:  at /app/
2026-04-26 00:41:51 [@fr-int-web1788.main-hosting.eu]
CSRF check failed for User ID:  at /api/
2026-04-26 00:41:51 [@fr-int-web1788.main-hosting.eu]
CSRF check failed for User ID:  at /_next/
2026-04-26 00:41:55 [@fr-int-web1788.main-hosting.eu]
CSRF check failed for User ID:  at /
2026-04-26 00:42:02 [@fr-int-web1788.main-hosting.eu]
CSRF check failed for User ID:  at /
2026-04-26 00:42:06 [@fr-int-web1788.main-hosting.eu]
CSRF check failed for User ID:  at /en/
2026-04-26 00:42:09 [@fr-int-web1788.main-hosting.eu]
CSRF check failed for User ID:  at /app/
2026-04-26 00:42:12 [@fr-int-web1788.main-hosting.eu]
CSRF check failed for User ID:  at /api/
2026-04-26 00:42:14 [@fr-int-web1788.main-hosting.eu]
CSRF check failed for User ID:  at /_next/
2026-04-26 00:42:16 [@fr-int-web1788.main-hosting.eu]
CSRF check failed for User ID:  at /
2026-04-26 00:42:17 [@fr-int-web1788.main-hosting.eu]
CSRF check failed for User ID:  at /
2026-04-26 00:42:18 [@fr-int-web1788.main-hosting.eu]
CSRF check failed for User ID:  at /en/
2026-04-26 00:42:19 [@fr-int-web1788.main-hosting.eu]
CSRF check failed for User ID:  at /app/
2026-04-26 00:42:20 [@fr-int-web1788.main-hosting.eu]
CSRF check failed for User ID:  at /api/
2026-04-26 00:42:24 [@fr-int-web1788.main-hosting.eu]
CSRF check failed for User ID:  at /_next/
2026-04-26 00:42:30 [@fr-int-web1788.main-hosting.eu]
CSRF check failed for User ID:  at /
2026-04-26 00:42:32 [@fr-int-web1788.main-hosting.eu]
CSRF check failed for User ID:  at /
2026-04-26 00:42:37 [@fr-int-web1788.main-hosting.eu]
CSRF check failed for User ID:  at /en/
2026-04-26 00:42:39 [@fr-int-web1788.main-hosting.eu]
CSRF check failed for User ID:  at /app/
2026-04-26 00:42:41 [@fr-int-web1788.main-hosting.eu]
CSRF check failed for User ID:  at /api/
2026-04-26 00:42:42 [@fr-int-web1788.main-hosting.eu]
CSRF check failed for User ID:  at /_next/
2026-04-26 00:42:43 [@fr-int-web1788.main-hosting.eu]
CSRF check failed for User ID:  at /
2026-04-26 00:42:43 [@fr-int-web1788.main-hosting.eu]
CSRF check failed for User ID:  at /
2026-04-26 00:42:44 [@fr-int-web1788.main-hosting.eu]
CSRF check failed for User ID:  at /en/
2026-04-26 00:42:45 [@fr-int-web1788.main-hosting.eu]
CSRF check failed for User ID:  at /app/
2026-04-26 00:42:46 [@fr-int-web1788.main-hosting.eu]
CSRF check failed for User ID:  at /api/
2026-04-26 00:42:46 [@fr-int-web1788.main-hosting.eu]
CSRF check failed for User ID:  at /_next/
2026-04-26 00:42:47 [@fr-int-web1788.main-hosting.eu]
CSRF check failed for User ID:  at /
2026-04-26 00:42:47 [@fr-int-web1788.main-hosting.eu]
CSRF check failed for User ID:  at /
2026-04-26 00:42:48 [@fr-int-web1788.main-hosting.eu]
CSRF check failed for User ID:  at /en/
2026-04-26 00:42:48 [@fr-int-web1788.main-hosting.eu]
CSRF check failed for User ID:  at /app/
2026-04-26 00:42:50 [@fr-int-web1788.main-hosting.eu]
CSRF check failed for User ID:  at /api/
2026-04-26 00:42:54 [@fr-int-web1788.main-hosting.eu]
CSRF check failed for User ID:  at /_next/
2026-04-26 00:42:56 [@fr-int-web1788.main-hosting.eu]
CSRF check failed for User ID:  at /
2026-04-26 00:42:58 [@fr-int-web1788.main-hosting.eu]
CSRF check failed for User ID:  at /
2026-04-26 00:43:01 [@fr-int-web1788.main-hosting.eu]
CSRF check failed for User ID:  at /en/
2026-04-26 00:43:03 [@fr-int-web1788.main-hosting.eu]
CSRF check failed for User ID:  at /app/
2026-04-26 00:43:04 [@fr-int-web1788.main-hosting.eu]
CSRF check failed for User ID:  at /api/
2026-04-26 00:43:07 [@fr-int-web1788.main-hosting.eu]
CSRF check failed for User ID:  at /_next/
2026-04-29 12:59:11 [2@fr-int-web1788.main-hosting.eu]
CSRF check failed for User ID: 2 at /front/tracking.injector.php
2026-05-03 13:10:11 [@fr-int-web1788.main-hosting.eu]
CSRF check failed for User ID:  at /
2026-05-03 13:10:11 [@fr-int-web1788.main-hosting.eu]
CSRF check failed for User ID:  at /
2026-05-03 13:10:11 [@fr-int-web1788.main-hosting.eu]
CSRF check failed for User ID:  at /
2026-05-03 13:10:11 [@fr-int-web1788.main-hosting.eu]
CSRF check failed for User ID:  at /
2026-05-03 13:26:41 [@fr-int-web1788.main-hosting.eu]
CSRF check failed for User ID:  at /
2026-05-03 13:26:41 [@fr-int-web1788.main-hosting.eu]
CSRF check failed for User ID:  at /
2026-05-03 13:26:41 [@fr-int-web1788.main-hosting.eu]
CSRF check failed for User ID:  at /
2026-05-03 13:26:42 [@fr-int-web1788.main-hosting.eu]
CSRF check failed for User ID:  at /
2026-05-06 12:15:52 [3@fr-int-web1788.main-hosting.eu]
User ID: 3 tried to access or perform an action on /front/user.form.php?id=8 with insufficient rights. Additional information: Missing READ right. Cannot view the item.
	Stack Trace:
		/home/u981745852/domains/suporteincv.com/public_html/src/CommonDBTM.php:6460 displayRightError()
		/home/u981745852/domains/suporteincv.com/public_html/src/CommonDBTM.php:6553 displayAccessDeniedPage()
		/home/u981745852/domains/suporteincv.com/public_html/front/user.form.php:253 displayFullPageForItem()
		/home/u981745852/domains/suporteincv.com/public_html/public/index.php:82 require()
2026-05-06 12:16:15 [3@fr-int-web1788.main-hosting.eu]
User ID: 3 tried to access or perform an action on /front/user.form.php?id=8 with insufficient rights. Additional information: Missing READ right. Cannot view the item.
	Stack Trace:
		/home/u981745852/domains/suporteincv.com/public_html/src/CommonDBTM.php:6460 displayRightError()
		/home/u981745852/domains/suporteincv.com/public_html/src/CommonDBTM.php:6553 displayAccessDeniedPage()
		/home/u981745852/domains/suporteincv.com/public_html/front/user.form.php:253 displayFullPageForItem()
		/home/u981745852/domains/suporteincv.com/public_html/public/index.php:82 require()
