2026-03-01 14:18:24 [@fr-int-web1788.main-hosting.eu]
Interno #1: Executar contract
2026-03-01 14:23:47 [2@fr-int-web1788.main-hosting.eu]
Interno #1: Executar infocom
2026-03-01 14:35:54 [2@fr-int-web1788.main-hosting.eu]
Interno #1: Executar mailgate
2026-03-01 14:40:20 [@fr-int-web1788.main-hosting.eu]
Interno #1: Executar session
2026-03-01 15:02:07 [2@fr-int-web1788.main-hosting.eu]
Interno #1: Executar graph
2026-03-01 15:45:20 [@fr-int-web1788.main-hosting.eu]
Interno #1: Executar reservation
2026-03-01 15:57:25 [@fr-int-web1788.main-hosting.eu]
Internal #1: Launch closeticket
2026-03-01 17:30:40 [@fr-int-web1788.main-hosting.eu]
Interno #1: Executar alertnotclosed
2026-03-01 17:38:46 [@fr-int-web1788.main-hosting.eu]
Internal #1: Launch slaticket
2026-03-01 17:39:24 [@fr-int-web1788.main-hosting.eu]
Internal #1: Launch createinquest
2026-03-01 17:40:58 [@fr-int-web1788.main-hosting.eu]
Internal #1: Launch watcher
2026-03-01 17:41:44 [@fr-int-web1788.main-hosting.eu]
Internal #1: Launch RecurrentItems
2026-03-01 19:51:05 [@fr-int-web1788.main-hosting.eu]
Internal #1: Launch planningrecall
2026-03-01 20:06:27 [@fr-int-web1788.main-hosting.eu]
Interno #1: Executar queuednotification
2026-03-01 20:06:54 [@fr-int-web1788.main-hosting.eu]
Interno #1: Executar queuednotificationclean
2026-03-01 20:10:00 [@fr-int-web1788.main-hosting.eu]
Internal #1: Launch temp
2026-03-01 21:10:42 [@fr-int-web1788.main-hosting.eu]
Interno #1: Executar mailgateerror
2026-03-01 21:17:35 [2@fr-int-web1788.main-hosting.eu]
Interno #1: Executar certificate
2026-03-01 21:17:57 [@fr-int-web1788.main-hosting.eu]
Interno #1: Executar olaticket
2026-03-01 21:18:22 [@fr-int-web1788.main-hosting.eu]
Interno #1: Executar mailgate
2026-03-01 21:19:50 [@fr-int-web1788.main-hosting.eu]
Interno #1: Executar graph
2026-03-01 21:33:14 [@fr-int-web1788.main-hosting.eu]
Interno #1: Executar reservation
2026-03-01 21:33:28 [@fr-int-web1788.main-hosting.eu]
Interno #1: Executar slaticket
2026-03-01 21:39:54 [2@fr-int-web1788.main-hosting.eu]
Interno #1: Executar RecurrentItems
2026-03-01 21:44:58 [2@fr-int-web1788.main-hosting.eu]
Interno #1: Executar planningrecall
2026-03-01 23:32:50 [@fr-int-web1788.main-hosting.eu]
Interno #1: Executar queuednotification
2026-03-02 00:41:03 [@fr-int-web1788.main-hosting.eu]
Interno #1: Executar temp
2026-03-02 02:45:02 [@fr-int-web1788.main-hosting.eu]
Internal #1: Launch olaticket
2026-03-02 07:11:46 [@fr-int-web1788.main-hosting.eu]
Interno #1: Executar mailgate
2026-03-02 10:35:33 [2@fr-int-web1788.main-hosting.eu]
Interno #1: Executar slaticket
2026-03-02 11:06:31 [2@fr-int-web1788.main-hosting.eu]
Interno #1: Executar planningrecall
2026-03-02 11:16:32 [2@fr-int-web1788.main-hosting.eu]
Interno #1: Executar graph
2026-03-02 16:42:00 [2@fr-int-web1788.main-hosting.eu]
Interno #1: Executar reservation
2026-03-02 16:47:52 [2@fr-int-web1788.main-hosting.eu]
Interno #1: Executar RecurrentItems
2026-03-02 16:56:42 [2@fr-int-web1788.main-hosting.eu]
Interno #1: Executar queuednotification
2026-03-03 00:18:30 [@fr-int-web1788.main-hosting.eu]
Interno #1: Executar temp
2026-03-03 00:18:33 [@fr-int-web1788.main-hosting.eu]
Interno #1: Executar olaticket
2026-03-03 08:40:20 [@fr-int-web1788.main-hosting.eu]
Interno #1: Executar closeticket
2026-03-03 08:46:30 [@fr-int-web1788.main-hosting.eu]
Interno #1: Executar alertnotclosed
2026-03-03 09:30:03 [2@fr-int-web1788.main-hosting.eu]
Interno #1: Executar mailgate
2026-03-03 12:44:16 [@fr-int-web1788.main-hosting.eu]
Internal #1: Launch slaticket
2026-03-03 13:01:53 [@fr-int-web1788.main-hosting.eu]
Internal #1: Launch planningrecall
2026-03-03 14:07:41 [@fr-int-web1788.main-hosting.eu]
Interno #1: Executar graph
2026-03-03 14:07:48 [@fr-int-web1788.main-hosting.eu]
Interno #1: Executar contract
2026-03-03 14:33:03 [2@fr-int-web1788.main-hosting.eu]
Interno #1: Executar infocom
2026-03-03 17:05:09 [@fr-int-web1788.main-hosting.eu]
Internal #1: Launch session
2026-03-03 17:14:32 [@fr-int-web1788.main-hosting.eu]
Internal #1: Launch queuednotification
2026-03-03 18:34:59 [2@fr-int-web1788.main-hosting.eu]
Interno #1: Executar createinquest
2026-03-03 19:42:03 [@fr-int-web1788.main-hosting.eu]
Internal #1: Launch watcher
2026-03-03 23:09:53 [@fr-int-web1788.main-hosting.eu]
Interno #1: Executar reservation
2026-03-04 02:18:08 [@fr-int-web1788.main-hosting.eu]
Interno #1: Executar RecurrentItems
2026-03-04 08:14:31 [@fr-int-web1788.main-hosting.eu]
Interno #1: Executar queuednotificationclean
2026-03-04 11:12:21 [@fr-int-web1788.main-hosting.eu]
Interno #1: Executar mailgateerror
2026-03-04 11:13:01 [@fr-int-web1788.main-hosting.eu]
Interno #1: Executar certificate
2026-03-04 11:15:47 [@fr-int-web1788.main-hosting.eu]
Interno #1: Executar olaticket
2026-03-04 11:17:32 [@fr-int-web1788.main-hosting.eu]
Interno #1: Executar temp
2026-03-04 11:18:19 [@fr-int-web1788.main-hosting.eu]
Interno #1: Executar mailgate
2026-03-04 11:40:16 [@fr-int-web1788.main-hosting.eu]
Interno #1: Executar slaticket
2026-03-04 15:25:22 [@fr-int-web1788.main-hosting.eu]
Interno #1: Executar planningrecall
2026-03-04 15:26:11 [@fr-int-web1788.main-hosting.eu]
Interno #1: Executar graph
2026-03-04 15:28:22 [@fr-int-web1788.main-hosting.eu]
Interno #1: Executar queuednotification
2026-03-04 15:28:57 [@fr-int-web1788.main-hosting.eu]
Interno #1: Executar closeticket
2026-03-04 17:23:12 [@fr-int-web1788.main-hosting.eu]
Interno #1: Executar alertnotclosed
2026-03-04 20:58:31 [@fr-int-web1788.main-hosting.eu]
Interno #1: Executar reservation
2026-03-05 11:17:33 [@fr-int-web1788.main-hosting.eu]
Interno #1: Executar RecurrentItems
2026-03-05 12:40:07 [2@fr-int-web1788.main-hosting.eu]
Interno #1: Executar olaticket
2026-03-05 13:00:12 [2@fr-int-web1788.main-hosting.eu]
Interno #1: Executar mailgate
2026-03-05 13:05:48 [2@fr-int-web1788.main-hosting.eu]
Interno #1: Executar slaticket
2026-03-05 13:10:53 [2@fr-int-web1788.main-hosting.eu]
Interno #1: Executar temp
2026-03-05 13:17:26 [2@fr-int-web1788.main-hosting.eu]
Interno #1: Executar contract
2026-03-05 13:22:47 [2@fr-int-web1788.main-hosting.eu]
Interno #1: Executar infocom
2026-03-05 13:41:06 [@fr-int-web1788.main-hosting.eu]
Interno #1: Executar queuednotification
2026-03-06 03:20:33 [@fr-int-web1788.main-hosting.eu]
Internal #1: Launch planningrecall
2026-03-06 14:52:56 [@fr-int-web1788.main-hosting.eu]
Interno #1: Executar graph
2026-03-06 15:10:16 [@fr-int-web1788.main-hosting.eu]
Interno #1: Executar session
2026-03-06 15:10:28 [@fr-int-web1788.main-hosting.eu]
Interno #1: Executar createinquest
2026-03-06 16:26:27 [2@fr-int-web1788.main-hosting.eu]
Interno #1: Executar watcher
2026-03-06 17:12:50 [@fr-int-web1788.main-hosting.eu]
Internal #1: Launch reservation
2026-03-06 17:22:18 [@fr-int-web1788.main-hosting.eu]
Internal #1: Launch closeticket
2026-03-06 17:23:15 [@fr-int-web1788.main-hosting.eu]
Internal #1: Launch alertnotclosed
2026-03-06 17:23:25 [@fr-int-web1788.main-hosting.eu]
Internal #1: Launch queuednotificationclean
2026-03-07 00:19:12 [@fr-int-web1788.main-hosting.eu]
Interno #1: Executar mailgateerror
2026-03-07 03:18:05 [@fr-int-web1788.main-hosting.eu]
Interno #1: Executar certificate
2026-03-07 03:32:48 [@fr-int-web1788.main-hosting.eu]
Internal #1: Launch RecurrentItems
2026-03-07 03:34:26 [@fr-int-web1788.main-hosting.eu]
Interno #1: Executar olaticket
2026-03-07 03:35:13 [@fr-int-web1788.main-hosting.eu]
Internal #1: Launch mailgate
2026-03-07 07:40:18 [@fr-int-web1788.main-hosting.eu]
Interno #1: Executar slaticket
2026-03-07 11:21:46 [@fr-int-web1788.main-hosting.eu]
Internal #1: Launch queuednotification
2026-03-07 17:21:26 [@fr-int-web1788.main-hosting.eu]
Internal #1: Launch temp
2026-03-07 17:21:58 [@fr-int-web1788.main-hosting.eu]
Internal #1: Launch planningrecall
2026-03-08 23:09:21 [@fr-int-web1788.main-hosting.eu]
Internal #1: Launch contract
2026-03-09 09:27:27 [2@fr-int-web1788.main-hosting.eu]
Interno #1: Executar infocom
2026-03-09 12:35:09 [@fr-int-web1788.main-hosting.eu]
Interno #1: Executar graph
2026-03-09 12:36:04 [@fr-int-web1788.main-hosting.eu]
Interno #1: Executar reservation
2026-03-09 12:36:04 [@fr-int-web1788.main-hosting.eu]
Interno #1: Executar olaticket
2026-03-09 12:36:44 [@fr-int-web1788.main-hosting.eu]
Interno #1: Executar mailgate
2026-03-09 12:37:13 [@fr-int-web1788.main-hosting.eu]
Interno #1: Executar RecurrentItems
2026-03-09 16:55:02 [2@fr-int-web1788.main-hosting.eu]
Interno #1: Executar closeticket
2026-03-09 17:22:37 [@fr-int-web1788.main-hosting.eu]
Internal #1: Launch alertnotclosed
2026-03-09 17:23:14 [@fr-int-web1788.main-hosting.eu]
Internal #1: Launch slaticket
2026-03-09 17:27:43 [@fr-int-web1788.main-hosting.eu]
Interno #1: Executar queuednotification
2026-03-09 19:21:27 [@fr-int-web1788.main-hosting.eu]
Interno #1: Executar session
2026-03-10 00:21:51 [@fr-int-web1788.main-hosting.eu]
Interno #1: Executar createinquest
2026-03-10 06:40:22 [@fr-int-web1788.main-hosting.eu]
Interno #1: Executar watcher
2026-03-10 20:46:15 [@fr-int-web1788.main-hosting.eu]
内部 #1: 启动 queuednotificationclean
2026-03-10 20:46:16 [@fr-int-web1788.main-hosting.eu]
内部 #1: 启动 planningrecall
2026-03-11 14:26:07 [@fr-int-web1788.main-hosting.eu]
Internal #1: Launch temp
2026-03-11 17:32:28 [@fr-int-web1788.main-hosting.eu]
Internal #1: Launch mailgateerror
2026-03-11 20:06:55 [@fr-int-web1788.main-hosting.eu]
Internal #1: Launch certificate
2026-03-12 06:28:59 [@fr-int-web1788.main-hosting.eu]
Internal #1: Launch olaticket
2026-03-12 10:05:47 [@fr-int-web1788.main-hosting.eu]
Interno #1: Executar mailgate
2026-03-12 10:06:17 [@fr-int-web1788.main-hosting.eu]
Interno #1: Executar graph
2026-03-12 10:06:44 [@fr-int-web1788.main-hosting.eu]
Interno #1: Executar reservation
2026-03-12 10:08:31 [@fr-int-web1788.main-hosting.eu]
Interno #1: Executar RecurrentItems
2026-03-12 11:55:50 [@fr-int-web1788.main-hosting.eu]
Internal #1: Launch slaticket
2026-03-13 08:52:59 [@fr-int-web1788.main-hosting.eu]
内部 #1: 启动 queuednotification
2026-03-13 20:24:53 [@fr-int-web1788.main-hosting.eu]
Interno #1: Executar contract
2026-03-14 02:38:52 [@fr-int-web1788.main-hosting.eu]
Internal #1: Launch closeticket
2026-03-14 11:36:57 [@fr-int-web1788.main-hosting.eu]
Internal #1: Launch alertnotclosed
2026-03-16 12:00:17 [@fr-int-web1788.main-hosting.eu]
Internal #1: Launch infocom
2026-03-16 17:43:01 [@fr-int-web1788.main-hosting.eu]
Internal #1: Launch session
2026-03-17 11:00:44 [@fr-int-web1788.main-hosting.eu]
Internal #1: Launch planningrecall
2026-03-19 17:26:35 [@fr-int-web1788.main-hosting.eu]
Interno #1: Executar createinquest
2026-03-20 16:20:33 [@fr-int-web1788.main-hosting.eu]
Interno #1: Executar temp
2026-03-20 16:21:00 [@fr-int-web1788.main-hosting.eu]
Interno #1: Executar queuednotificationclean
2026-03-20 17:07:32 [@fr-int-web1788.main-hosting.eu]
Interno #1: Executar olaticket
2026-03-20 17:22:23 [@fr-int-web1788.main-hosting.eu]
Internal #1: Launch mailgate
2026-03-20 17:23:01 [@fr-int-web1788.main-hosting.eu]
Internal #1: Launch graph
2026-03-21 17:57:28 [@fr-int-web1788.main-hosting.eu]
Internal #1: Launch reservation
2026-03-22 10:54:01 [@fr-int-web1788.main-hosting.eu]
Internal #1: Launch RecurrentItems
2026-03-23 04:13:18 [@fr-int-web1788.main-hosting.eu]
Interno #1: Executar slaticket
2026-03-24 17:45:32 [@fr-int-web1788.main-hosting.eu]
Interno #1: Executar mailgateerror
2026-03-25 22:16:47 [@fr-int-web1788.main-hosting.eu]
Interno #1: Executar certificate
2026-03-25 22:17:31 [@fr-int-web1788.main-hosting.eu]
Interno #1: Executar queuednotification
2026-03-25 22:18:50 [@fr-int-web1788.main-hosting.eu]
Interno #1: Executar closeticket
2026-03-25 22:19:45 [@fr-int-web1788.main-hosting.eu]
Interno #1: Executar contract
2026-03-25 22:28:29 [2@fr-int-web1788.main-hosting.eu]
Interno #1: Executar alertnotclosed
2026-03-25 22:34:02 [2@fr-int-web1788.main-hosting.eu]
Interno #1: Executar planningrecall
2026-03-26 09:51:45 [@fr-int-web1788.main-hosting.eu]
Interno #1: Executar infocom
2026-03-26 12:30:14 [2@fr-int-web1788.main-hosting.eu]
Interno #1: Executar session
2026-03-26 12:39:54 [2@fr-int-web1788.main-hosting.eu]
Interno #1: Executar olaticket
2026-03-26 12:46:36 [2@fr-int-web1788.main-hosting.eu]
Interno #1: Executar temp
2026-03-26 18:10:29 [@fr-int-web1788.main-hosting.eu]
Internal #1: Launch createinquest
2026-03-27 10:33:44 [2@fr-int-web1788.main-hosting.eu]
Interno #1: Executar mailgate
2026-03-27 10:40:15 [2@fr-int-web1788.main-hosting.eu]
Interno #1: Executar graph
2026-03-27 10:40:47 [@fr-int-web1788.main-hosting.eu]
Internal #1: Launch queuednotificationclean
2026-03-27 10:44:19 [@fr-int-web1788.main-hosting.eu]
Internal #1: Launch reservation
2026-03-27 10:44:49 [@fr-int-web1788.main-hosting.eu]
Internal #1: Launch RecurrentItems
2026-03-27 10:58:35 [2@fr-int-web1788.main-hosting.eu]
Interno #1: Executar slaticket
2026-03-27 11:04:23 [2@fr-int-web1788.main-hosting.eu]
Interno #1: Executar mailgateerror
2026-03-27 11:05:11 [@fr-int-web1788.main-hosting.eu]
Interno #1: Executar queuednotification
2026-03-27 11:06:55 [2@fr-int-web1788.main-hosting.eu]
Interno #1: Executar planningrecall
2026-03-27 11:23:27 [2@fr-int-web1788.main-hosting.eu]
Interno #1: Executar closeticket
2026-03-27 11:29:58 [@fr-int-web1788.main-hosting.eu]
Internal #1: Launch alertnotclosed
2026-03-27 11:48:31 [2@fr-int-web1788.main-hosting.eu]
Interno #1: Executar olaticket
2026-03-27 11:57:19 [2@fr-int-web1788.main-hosting.eu]
Interno #1: Executar temp
2026-03-27 12:04:35 [2@fr-int-web1788.main-hosting.eu]
Interno #1: Executar certificate
2026-03-27 23:40:10 [@fr-int-web1788.main-hosting.eu]
Interno #1: Executar contract
2026-03-29 17:14:28 [@fr-int-web1788.main-hosting.eu]
Interno #1: Executar infocom
2026-03-29 19:52:23 [@fr-int-web1788.main-hosting.eu]
Interno #1: Executar mailgate
2026-03-29 19:54:59 [@fr-int-web1788.main-hosting.eu]
Interno #1: Executar slaticket
2026-03-29 19:55:19 [@fr-int-web1788.main-hosting.eu]
Interno #1: Executar queuednotification
2026-03-29 20:03:57 [2@fr-int-web1788.main-hosting.eu]
Interno #1: Executar planningrecall
2026-03-29 20:19:53 [2@fr-int-web1788.main-hosting.eu]
Interno #1: Executar graph
2026-03-29 20:28:24 [2@fr-int-web1788.main-hosting.eu]
Interno #1: Executar reservation
2026-03-29 20:40:21 [2@fr-int-web1788.main-hosting.eu]
Interno #1: Executar RecurrentItems
2026-03-29 20:45:44 [2@fr-int-web1788.main-hosting.eu]
Interno #1: Executar olaticket
2026-03-29 20:51:02 [2@fr-int-web1788.main-hosting.eu]
Interno #1: Executar session
2026-03-30 01:22:57 [@fr-int-web1788.main-hosting.eu]
Internal #1: Launch temp
2026-03-30 01:28:43 [@fr-int-web1788.main-hosting.eu]
Internal #1: Launch createinquest
2026-03-30 06:17:09 [2@fr-int-web1788.main-hosting.eu]
Interno #1: Executar closeticket
2026-03-30 06:26:52 [2@fr-int-web1788.main-hosting.eu]
Interno #1: Executar alertnotclosed
2026-03-30 06:35:14 [2@fr-int-web1788.main-hosting.eu]
Interno #1: Executar queuednotificationclean
2026-03-30 06:41:09 [2@fr-int-web1788.main-hosting.eu]
Interno #1: Executar mailgateerror
2026-03-30 06:41:32 [@fr-int-web1788.main-hosting.eu]
Interno #1: Executar certificate
2026-03-30 06:43:41 [@fr-int-web1788.main-hosting.eu]
Interno #1: Executar contract
2026-03-30 06:54:14 [2@fr-int-web1788.main-hosting.eu]
Interno #1: Executar queuednotification
2026-03-30 06:59:52 [2@fr-int-web1788.main-hosting.eu]
Interno #1: Executar slaticket
2026-03-30 07:05:14 [2@fr-int-web1788.main-hosting.eu]
Interno #1: Executar mailgate
2026-03-30 07:05:52 [@fr-int-web1788.main-hosting.eu]
Interno #1: Executar planningrecall
2026-03-30 07:08:06 [@fr-int-web1788.main-hosting.eu]
Interno #1: Executar olaticket
2026-03-30 07:19:02 [2@fr-int-web1788.main-hosting.eu]
Interno #1: Executar graph
2026-03-30 09:44:41 [@fr-int-web1788.main-hosting.eu]
Internal #1: Launch reservation
2026-03-30 09:44:47 [@fr-int-web1788.main-hosting.eu]
Interno #1: Executar RecurrentItems
2026-03-30 09:45:04 [@fr-int-web1788.main-hosting.eu]
Internal #1: Launch temp
2026-03-30 09:51:28 [3@fr-int-web1788.main-hosting.eu]
Interno #1: Executar queuednotification
2026-03-30 10:39:48 [@fr-int-web1788.main-hosting.eu]
Internal #1: Launch slaticket
2026-03-30 10:39:57 [@fr-int-web1788.main-hosting.eu]
Internal #1: Launch planningrecall
2026-03-30 11:40:17 [3@fr-int-web1788.main-hosting.eu]
Interno #1: Executar olaticket
2026-03-30 12:08:23 [@fr-int-web1788.main-hosting.eu]
Internal #1: Launch mailgate
2026-03-30 15:31:02 [@fr-int-web1788.main-hosting.eu]
Interno #1: Executar graph
2026-03-30 15:40:10 [@fr-int-web1788.main-hosting.eu]
Internal #1: Launch queuednotification
2026-03-30 15:45:11 [@fr-int-web1788.main-hosting.eu]
Internal #1: Launch reservation
2026-03-30 16:34:13 [@fr-int-web1788.main-hosting.eu]
Interno #1: Executar slaticket
2026-03-31 06:23:42 [2@fr-int-web1788.main-hosting.eu]
Interno #1: Executar RecurrentItems
2026-03-31 06:28:54 [2@fr-int-web1788.main-hosting.eu]
Interno #1: Executar planningrecall
2026-03-31 06:29:21 [@fr-int-web1788.main-hosting.eu]
Interno #1: Executar temp
2026-03-31 06:29:49 [@fr-int-web1788.main-hosting.eu]
Interno #1: Executar olaticket
2026-03-31 06:30:16 [@fr-int-web1788.main-hosting.eu]
Interno #1: Executar mailgate
2026-03-31 06:30:45 [@fr-int-web1788.main-hosting.eu]
Interno #1: Executar queuednotification
2026-03-31 09:20:39 [3@fr-int-web1788.main-hosting.eu]
Interno #1: Executar graph
2026-03-31 10:13:41 [3@fr-int-web1788.main-hosting.eu]
Interno #1: Executar slaticket
2026-03-31 10:13:50 [@fr-int-web1788.main-hosting.eu]
Interno #1: Executar reservation
2026-03-31 10:15:58 [@fr-int-web1788.main-hosting.eu]
Interno #1: Executar infocom
2026-03-31 10:16:35 [@fr-int-web1788.main-hosting.eu]
Interno #1: Executar closeticket
2026-03-31 10:18:18 [@fr-int-web1788.main-hosting.eu]
Interno #1: Executar alertnotclosed
2026-03-31 10:21:44 [2@fr-int-web1788.main-hosting.eu]
Interno #1: Executar session
2026-03-31 10:24:05 [9@fr-int-web1788.main-hosting.eu]
Interno #1: Executar createinquest
2026-03-31 10:27:50 [2@fr-int-web1788.main-hosting.eu]
Interno #1: Executar queuednotification
2026-03-31 10:29:40 [@fr-int-web1788.main-hosting.eu]
Interno #1: Executar planningrecall
2026-03-31 10:31:13 [@fr-int-web1788.main-hosting.eu]
Interno #1: Executar olaticket
2026-03-31 10:31:28 [@fr-int-web1788.main-hosting.eu]
Interno #1: Executar queuednotificationclean
2026-03-31 10:32:53 [2@fr-int-web1788.main-hosting.eu]
Interno #1: Executar mailgate
2026-03-31 10:33:10 [@fr-int-web1788.main-hosting.eu]
Interno #1: Executar mailgateerror
2026-03-31 10:37:10 [@fr-int-web1788.main-hosting.eu]
Interno #1: Executar certificate
2026-03-31 10:37:44 [@fr-int-web1788.main-hosting.eu]
Interno #1: Executar contract
2026-03-31 10:38:08 [2@fr-int-web1788.main-hosting.eu]
Interno #1: Executar RecurrentItems
2026-03-31 10:43:04 [@fr-int-web1788.main-hosting.eu]
Interno #1: Executar temp
2026-03-31 10:44:35 [7@fr-int-web1788.main-hosting.eu]
Interno #1: Executar slaticket
2026-03-31 10:44:42 [@fr-int-web1788.main-hosting.eu]
Interno #1: Executar graph
2026-03-31 10:53:05 [2@fr-int-web1788.main-hosting.eu]
Interno #1: Executar queuednotification
2026-03-31 10:53:47 [@fr-int-web1788.main-hosting.eu]
Interno #1: Executar planningrecall
2026-03-31 10:54:25 [@fr-int-web1788.main-hosting.eu]
Interno #1: Executar olaticket
2026-03-31 10:57:34 [@fr-int-web1788.main-hosting.eu]
Interno #1: Executar mailgate
2026-03-31 10:58:13 [2@fr-int-web1788.main-hosting.eu]
Interno #1: Executar slaticket
2026-03-31 10:58:19 [@fr-int-web1788.main-hosting.eu]
Interno #1: Executar queuednotification
2026-03-31 11:01:29 [@fr-int-web1788.main-hosting.eu]
Interno #1: Executar planningrecall
2026-03-31 11:03:28 [2@fr-int-web1788.main-hosting.eu]
Interno #1: Executar queuednotification
2026-03-31 11:03:29 [@fr-int-web1788.main-hosting.eu]
Interno #1: Executar olaticket
2026-03-31 11:08:51 [2@fr-int-web1788.main-hosting.eu]
Interno #1: Executar slaticket
2026-03-31 11:41:03 [2@fr-int-web1788.main-hosting.eu]
Interno #1: Executar queuednotification
2026-03-31 11:46:44 [2@fr-int-web1788.main-hosting.eu]
Interno #1: Executar planningrecall
2026-03-31 11:47:26 [@fr-int-web1788.main-hosting.eu]
Interno #1: Executar mailgate
2026-03-31 11:47:35 [@fr-int-web1788.main-hosting.eu]
Interno #1: Executar olaticket
2026-03-31 11:47:59 [@fr-int-web1788.main-hosting.eu]
Interno #1: Executar reservation
2026-03-31 11:54:05 [@fr-int-web1788.main-hosting.eu]
Interno #1: Executar slaticket
2026-03-31 11:54:21 [2@fr-int-web1788.main-hosting.eu]
Interno #1: Executar RecurrentItems
2026-03-31 11:54:42 [8@fr-int-web1788.main-hosting.eu]
Interno #1: Executar queuednotification
2026-03-31 11:57:50 [@fr-int-web1788.main-hosting.eu]
Interno #1: Executar temp
2026-03-31 12:00:22 [2@fr-int-web1788.main-hosting.eu]
Interno #1: Executar graph
2026-03-31 12:05:40 [2@fr-int-web1788.main-hosting.eu]
Interno #1: Executar planningrecall
2026-03-31 12:08:01 [8@fr-int-web1788.main-hosting.eu]
Interno #1: Executar olaticket
2026-03-31 12:10:36 [@fr-int-web1788.main-hosting.eu]
Interno #1: Executar queuednotification
2026-03-31 12:11:27 [@fr-int-web1788.main-hosting.eu]
Interno #1: Executar mailgate
2026-03-31 12:26:52 [2@fr-int-web1788.main-hosting.eu]
Interno #1: Executar slaticket
2026-03-31 12:44:44 [@fr-int-web1788.main-hosting.eu]
Interno #1: Executar planningrecall
2026-03-31 12:54:22 [2@fr-int-web1788.main-hosting.eu]
Interno #1: Executar queuednotification
2026-04-01 02:55:46 [@fr-int-web1788.main-hosting.eu]
Interno #1: Executar olaticket
2026-04-01 13:08:42 [@fr-int-web1788.main-hosting.eu]
Interno #1: Executar mailgate
2026-04-01 16:30:12 [2@fr-int-web1788.main-hosting.eu]
Interno #1: Executar slaticket
2026-04-01 16:58:56 [2@fr-int-web1788.main-hosting.eu]
Interno #1: Executar reservation
2026-04-02 04:31:24 [@fr-int-web1788.main-hosting.eu]
Internal #1: Launch planningrecall
2026-04-02 10:10:33 [2@fr-int-web1788.main-hosting.eu]
Interno #1: Executar RecurrentItems
2026-04-02 22:14:44 [@fr-int-web1788.main-hosting.eu]
Internal #1: Launch queuednotification
2026-04-07 16:24:24 [@fr-int-web1788.main-hosting.eu]
Internal #1: Launch temp
2026-04-28 12:39:29 [@fr-int-web1788.main-hosting.eu]
Interno #1: Executar graph
2026-04-28 15:37:21 [2@fr-int-web1788.main-hosting.eu]
Interno #1: Executar closeticket
2026-04-28 16:14:10 [@fr-int-web1788.main-hosting.eu]
Interno #1: Executar alertnotclosed
2026-04-28 16:19:10 [@fr-int-web1788.main-hosting.eu]
Internal #1: Launch olaticket
2026-04-28 16:19:11 [@fr-int-web1788.main-hosting.eu]
Internal #1: Launch infocom
2026-04-29 10:59:50 [@fr-int-web1788.main-hosting.eu]
Interno #1: Executar session
2026-04-29 11:26:12 [2@fr-int-web1788.main-hosting.eu]
Interno #1: Executar createinquest
2026-04-29 12:30:06 [2@fr-int-web1788.main-hosting.eu]
Interno #1: Executar queuednotificationclean
2026-04-29 12:59:15 [2@fr-int-web1788.main-hosting.eu]
Interno #1: Executar mailgateerror
2026-04-29 13:17:28 [2@fr-int-web1788.main-hosting.eu]
Interno #1: Executar contract
2026-04-30 22:48:32 [@fr-int-web1788.main-hosting.eu]
Internal #1: Launch certificate
2026-05-02 15:41:20 [@fr-int-web1788.main-hosting.eu]
Internal #1: Launch mailgate
2026-05-03 02:07:14 [@fr-int-web1788.main-hosting.eu]
Interno #1: Executar slaticket
2026-05-03 02:07:14 [@fr-int-web1788.main-hosting.eu]
Interno #1: Executar reservation
2026-05-04 14:02:38 [@fr-int-web1788.main-hosting.eu]
Interno #1: Executar planningrecall
2026-05-04 14:03:00 [@fr-int-web1788.main-hosting.eu]
Interno #1: Executar RecurrentItems
2026-05-04 16:14:21 [@fr-int-web1788.main-hosting.eu]
Interno #1: Executar queuednotification
2026-05-04 16:19:30 [2@fr-int-web1788.main-hosting.eu]
Interno #1: Executar temp
2026-05-04 16:20:10 [@fr-int-web1788.main-hosting.eu]
Interno #1: Executar graph
2026-05-05 16:22:19 [@fr-int-web1788.main-hosting.eu]
Interno #1: Executar olaticket
2026-05-05 16:42:01 [2@fr-int-web1788.main-hosting.eu]
Interno #1: Executar closeticket
2026-05-05 16:48:19 [2@fr-int-web1788.main-hosting.eu]
Interno #1: Executar alertnotclosed
2026-05-05 16:56:51 [2@fr-int-web1788.main-hosting.eu]
Interno #1: Executar infocom
2026-05-06 10:40:02 [@fr-int-web1788.main-hosting.eu]
Interno #1: Executar session
2026-05-06 10:40:36 [@fr-int-web1788.main-hosting.eu]
Interno #1: Executar createinquest
2026-05-06 11:09:04 [2@fr-int-web1788.main-hosting.eu]
Interno #1: Executar queuednotificationclean
2026-05-06 11:14:32 [2@fr-int-web1788.main-hosting.eu]
Interno #1: Executar mailgateerror
2026-05-06 12:06:09 [2@fr-int-web1788.main-hosting.eu]
Interno #1: Executar contract
2026-05-06 12:09:59 [@fr-int-web1788.main-hosting.eu]
Interno #1: Executar certificate
2026-05-06 12:10:12 [@fr-int-web1788.main-hosting.eu]
Interno #1: Executar mailgate
2026-05-06 12:11:03 [@fr-int-web1788.main-hosting.eu]
Interno #1: Executar slaticket
2026-05-06 12:14:09 [@fr-int-web1788.main-hosting.eu]
Interno #1: Executar reservation
2026-05-06 12:15:03 [@fr-int-web1788.main-hosting.eu]
Interno #1: Executar planningrecall
2026-05-06 13:09:03 [2@fr-int-web1788.main-hosting.eu]
Interno #1: Executar RecurrentItems
2026-05-08 11:26:49 [@RAI-GV-INCV-23]
Interno #1: Executar queuednotification
2026-05-08 11:34:57 [@RAI-GV-INCV-23]
Interno #1: Executar temp
2026-05-08 11:36:23 [@RAI-GV-INCV-23]
Interno #1: Executar graph
2026-05-08 11:37:53 [@RAI-GV-INCV-23]
Interno #1: Executar olaticket
2026-05-08 11:38:10 [@RAI-GV-INCV-23]
Interno #1: Executar closeticket
2026-05-08 11:38:43 [@RAI-GV-INCV-23]
Interno #1: Executar alertnotclosed
2026-05-08 11:42:08 [@RAI-GV-INCV-23]
Interno #1: Executar slaticket
2026-05-08 11:49:56 [@RAI-GV-INCV-23]
Interno #1: Executar mailgate
2026-05-08 14:00:12 [@RAI-GV-INCV-23]
Interno #1: Executar planningrecall
2026-05-08 14:48:58 [@RAI-GV-INCV-23]
Interno #1: Executar reservation
2026-05-08 14:49:39 [@RAI-GV-INCV-23]
Interno #1: Executar RecurrentItems
2026-05-08 17:11:48 [@RAI-GV-INCV-23]
Interno #1: Executar infocom
2026-05-08 17:11:53 [@RAI-GV-INCV-23]
Interno #1: Executar session
2026-05-08 17:20:22 [@RAI-GV-INCV-23]
Interno #1: Executar createinquest
2026-05-08 17:22:28 [@RAI-GV-INCV-23]
Interno #1: Executar queuednotificationclean
2026-05-08 17:54:10 [@RAI-GV-INCV-23]
Interno #1: Executar mailgateerror
2026-05-08 17:54:11 [@RAI-GV-INCV-23]
Interno #1: Executar contract
2026-05-08 17:54:12 [@RAI-GV-INCV-23]
Interno #1: Executar certificate
2026-05-08 17:54:33 [@RAI-GV-INCV-23]
Interno #1: Executar queuednotification
2026-05-08 17:54:35 [@RAI-GV-INCV-23]
Interno #1: Executar olaticket
2026-05-08 17:54:38 [@RAI-GV-INCV-23]
Interno #1: Executar slaticket
2026-05-08 18:01:24 [@RAI-GV-INCV-23]
Interno #1: Executar mailgate
2026-05-08 18:07:43 [@RAI-GV-INCV-23]
Interno #1: Executar temp
2026-05-08 18:07:44 [@RAI-GV-INCV-23]
Interno #1: Executar graph
2026-05-08 18:07:45 [@RAI-GV-INCV-23]
Interno #1: Executar planningrecall
2026-05-08 18:08:39 [@RAI-GV-INCV-23]
Interno #1: Executar reservation
2026-05-08 18:08:41 [@RAI-GV-INCV-23]
Interno #1: Executar RecurrentItems
2026-05-08 18:08:41 [@RAI-GV-INCV-23]
Interno #1: Executar queuednotification
2026-05-08 18:09:06 [@RAI-GV-INCV-23]
Interno #1: Executar slaticket
2026-05-08 18:09:11 [@RAI-GV-INCV-23]
Interno #1: Executar olaticket
2026-05-08 18:09:12 [@RAI-GV-INCV-23]
Interno #1: Executar queuednotification
2026-05-08 18:09:33 [@RAI-GV-INCV-23]
Interno #1: Nada para ser executado
2026-05-08 18:09:48 [@RAI-GV-INCV-23]
Interno #1: Nada para ser executado
2026-05-08 18:10:31 [@RAI-GV-INCV-23]
Interno #1: Executar queuednotification
2026-05-08 18:10:32 [@RAI-GV-INCV-23]
Interno #1: Nada para ser executado
2026-05-08 18:10:33 [@RAI-GV-INCV-23]
Interno #1: Nada para ser executado
2026-05-08 18:11:14 [@RAI-GV-INCV-23]
Interno #1: Executar mailgate
2026-05-08 18:12:04 [@RAI-GV-INCV-23]
Interno #1: Executar queuednotification
2026-05-08 18:12:05 [@RAI-GV-INCV-23]
Interno #1: Executar planningrecall
2026-05-08 18:12:05 [@RAI-GV-INCV-23]
Interno #1: Nada para ser executado
2026-05-08 18:12:06 [@RAI-GV-INCV-23]
Interno #1: Nada para ser executado
2026-05-08 18:12:06 [@RAI-GV-INCV-23]
Interno #1: Nada para ser executado
2026-05-08 18:12:59 [@RAI-GV-INCV-23]
Interno #1: Nada para ser executado
2026-05-08 18:13:00 [@RAI-GV-INCV-23]
Interno #1: Executar queuednotification
2026-05-08 18:13:00 [@RAI-GV-INCV-23]
Interno #1: Nada para ser executado
2026-05-08 18:13:00 [@RAI-GV-INCV-23]
Interno #1: Nada para ser executado
2026-05-08 18:13:01 [@RAI-GV-INCV-23]
Interno #1: Nada para ser executado
2026-05-08 18:13:01 [@RAI-GV-INCV-23]
Interno #1: Nada para ser executado
2026-05-08 18:13:02 [@RAI-GV-INCV-23]
Interno #1: Nada para ser executado
2026-05-08 18:13:02 [@RAI-GV-INCV-23]
Interno #1: Nada para ser executado
2026-05-08 18:13:39 [@RAI-GV-INCV-23]
Interno #1: Nada para ser executado
2026-05-08 18:13:40 [@RAI-GV-INCV-23]
Interno #1: Nada para ser executado
2026-05-08 18:23:27 [@RAI-GV-INCV-23]
Interno #1: Executar slaticket
2026-05-08 18:23:28 [@RAI-GV-INCV-23]
Interno #1: Executar queuednotification
2026-05-08 18:23:30 [@RAI-GV-INCV-23]
Interno #1: Executar olaticket
2026-05-08 18:24:08 [@RAI-GV-INCV-23]
Interno #1: Executar planningrecall
2026-05-08 18:24:09 [@RAI-GV-INCV-23]
Interno #1: Executar mailgate
2026-05-08 18:24:11 [@RAI-GV-INCV-23]
Interno #1: Executar queuednotification
2026-05-08 18:24:11 [@RAI-GV-INCV-23]
Interno #1: Nada para ser executado
2026-05-08 18:26:37 [@RAI-GV-INCV-23]
Interno #1: Executar queuednotification
2026-05-08 18:26:39 [@RAI-GV-INCV-23]
Interno #1: Nada para ser executado
2026-05-08 18:26:39 [@RAI-GV-INCV-23]
Interno #1: Nada para ser executado
2026-05-08 18:34:40 [@RAI-GV-INCV-23]
Interno #1: Executar queuednotification
2026-05-08 18:34:41 [@RAI-GV-INCV-23]
Interno #1: Executar slaticket
2026-05-08 18:34:42 [@RAI-GV-INCV-23]
Interno #1: Executar olaticket
2026-05-08 18:34:43 [@RAI-GV-INCV-23]
Interno #1: Executar planningrecall
2026-05-08 18:34:44 [@RAI-GV-INCV-23]
Interno #1: Executar mailgate
2026-05-08 18:34:44 [@RAI-GV-INCV-23]
Interno #1: Nada para ser executado
2026-05-08 18:35:00 [@RAI-GV-INCV-23]
Interno #1: Executar queuednotification
2026-05-08 18:36:20 [@RAI-GV-INCV-23]
Interno #1: Executar queuednotification
2026-05-08 18:36:58 [@RAI-GV-INCV-23]
Interno #1: Nada para ser executado
2026-05-08 18:39:26 [@RAI-GV-INCV-23]
Interno #1: Executar queuednotification
2026-05-08 18:39:43 [@RAI-GV-INCV-23]
Interno #1: Executar slaticket
2026-05-08 18:39:54 [@RAI-GV-INCV-23]
Interno #1: Executar planningrecall
2026-05-08 18:39:57 [@RAI-GV-INCV-23]
Interno #1: Executar olaticket
2026-05-08 18:40:10 [@RAI-GV-INCV-23]
Interno #1: Executar queuednotification
