2026-03-31 10:21:32 [9@fr-int-web1788.main-hosting.eu]
Foi adicionado email para suporteincv@suporteincv.com em fila de espera: [GLPI #0000001] Novo ticket Localização do documento número xpto
2026-03-31 10:23:50 [2@fr-int-web1788.main-hosting.eu]
Foi adicionado email para suporteincv@suporteincv.com em fila de espera: [GLPI #0000001] Novo acompanhamento Localização do documento número xpto
2026-03-31 10:27:50 [2@fr-int-web1788.main-hosting.eu]
Foi enviado um email a suporteincv@suporteincv.com: [GLPI #0000001] Novo ticket Localização do documento número xpto
2026-03-31 10:27:50 [2@fr-int-web1788.main-hosting.eu]
Foi enviado um email a suporteincv@suporteincv.com: [GLPI #0000001] Novo acompanhamento Localização do documento número xpto
2026-03-31 10:38:08 [2@fr-int-web1788.main-hosting.eu]
Foi adicionado email para suporteincv@suporteincv.com em fila de espera: [GLPI #0000001] Ticket resolvido Localização do documento número xpto
2026-03-31 10:53:05 [2@fr-int-web1788.main-hosting.eu]
Foi enviado um email a suporteincv@suporteincv.com: [GLPI #0000001] Ticket resolvido Localização do documento número xpto
2026-03-31 11:54:41 [8@fr-int-web1788.main-hosting.eu]
Foi adicionado email para suporteincv@suporteincv.com em fila de espera: [GLPI #0000002] Novo ticket Tre
2026-03-31 11:54:42 [8@fr-int-web1788.main-hosting.eu]
Foi enviado um email a suporteincv@suporteincv.com: [GLPI #0000002] Novo ticket Tre
2026-03-31 12:00:22 [2@fr-int-web1788.main-hosting.eu]
Foi adicionado email para suporteincv@suporteincv.com em fila de espera: [GLPI #0000002] Novo acompanhamento Tre
2026-03-31 12:06:33 [2@fr-int-web1788.main-hosting.eu]
Foi adicionado email para suporteincv@suporteincv.com em fila de espera: [GLPI #0000002] Ticket resolvido Tre
2026-03-31 12:10:36 [@fr-int-web1788.main-hosting.eu]
Foi enviado um email a suporteincv@suporteincv.com: [GLPI #0000002] Novo acompanhamento Tre
2026-03-31 12:10:36 [@fr-int-web1788.main-hosting.eu]
Foi enviado um email a suporteincv@suporteincv.com: [GLPI #0000002] Ticket resolvido Tre
